C:\Software\TestProgramme\TestMappView\TestMappView\Temp\Includes\AS_TempDecl\Config1\GlobalComponents\MpComponents.var
C:\Software\TestProgramme\TestMappView\TestMappView\Logical\Global.typ
C:\Software\TestProgramme\TestMappView\TestMappView\Logical\Global.var
C:\Software\TestProgramme\TestMappView\TestMappView\Logical\Libraries\operator\operator.fun
C:\Software\TestProgramme\TestMappView\TestMappView\Logical\Libraries\operator\operator.typ
C:\Software\TestProgramme\TestMappView\TestMappView\Logical\Libraries\operator\operator.var
C:\Software\TestProgramme\TestMappView\TestMappView\Logical\Libraries\runtime\runtime.fun
C:\Software\TestProgramme\TestMappView\TestMappView\Logical\Libraries\runtime\runtime.typ
C:\Software\TestProgramme\TestMappView\TestMappView\Logical\Libraries\runtime\runtime.var
C:\Software\TestProgramme\TestMappView\TestMappView\Logical\Libraries\astime\astime.fun
C:\Software\TestProgramme\TestMappView\TestMappView\Logical\Libraries\astime\astime.typ
C:\Software\TestProgramme\TestMappView\TestMappView\Logical\Libraries\astime\astime.var
C:\Software\TestProgramme\TestMappView\TestMappView\Logical\Libraries\AsIecCon\AsIecCon.fun
C:\Software\TestProgramme\TestMappView\TestMappView\Logical\Libraries\AsIecCon\AsIecCon.typ
C:\Software\TestProgramme\TestMappView\TestMappView\Logical\Libraries\AsIecCon\AsIecCon.var
C:\Software\TestProgramme\TestMappView\TestMappView\Logical\Libraries\MTBasics\MTBasics.fun
C:\Software\TestProgramme\TestMappView\TestMappView\Logical\Libraries\MTBasics\MTBasics.typ
C:\Software\TestProgramme\TestMappView\TestMappView\Logical\Libraries\MTBasics\MTBasics.var
C:\Software\TestProgramme\TestMappView\TestMappView\Logical\Libraries\brsystem\brsystem.fun
C:\Software\TestProgramme\TestMappView\TestMappView\Logical\Libraries\brsystem\brsystem.typ
C:\Software\TestProgramme\TestMappView\TestMappView\Logical\Libraries\brsystem\brsystem.var
C:\Software\TestProgramme\TestMappView\TestMappView\Logical\Libraries\MTTypes\MTTypes.fun
C:\Software\TestProgramme\TestMappView\TestMappView\Logical\Libraries\MTTypes\MTTypes.typ
C:\Software\TestProgramme\TestMappView\TestMappView\Logical\Libraries\MTTypes\MTTypes.var
C:\Software\TestProgramme\TestMappView\TestMappView\Logical\Libraries\sys_lib\sys_lib.fun
C:\Software\TestProgramme\TestMappView\TestMappView\Logical\Libraries\sys_lib\sys_lib.typ
C:\Software\TestProgramme\TestMappView\TestMappView\Logical\Libraries\sys_lib\sys_lib.var
C:\Software\TestProgramme\TestMappView\TestMappView\Logical\Libraries\MpServer\Types.typ
C:\Software\TestProgramme\TestMappView\TestMappView\Logical\Libraries\MpServer\Constants.var
C:\Software\TestProgramme\TestMappView\TestMappView\Logical\Libraries\MpServer\MpServer.fun
C:\Software\TestProgramme\TestMappView\TestMappView\Logical\Libraries\MpAlarmX\MpAlarmX.typ
C:\Software\TestProgramme\TestMappView\TestMappView\Logical\Libraries\MpAlarmX\MpAlarmXError.typ
C:\Software\TestProgramme\TestMappView\TestMappView\Logical\Libraries\MpAlarmX\MpAlarmX.fun
C:\Software\TestProgramme\TestMappView\TestMappView\Logical\Libraries\MpBase\MpBase.typ
C:\Software\TestProgramme\TestMappView\TestMappView\Logical\Libraries\MpBase\MpBase.var
C:\Software\TestProgramme\TestMappView\TestMappView\Logical\Libraries\MpBase\MpBase.fun
C:\Software\TestProgramme\TestMappView\TestMappView\Logical\Library\Types.typ
C:\Software\TestProgramme\TestMappView\TestMappView\Logical\Library\Constants.var
C:\Software\TestProgramme\TestMappView\TestMappView\Logical\Library\Library.fun
